// Jest Snapshot v1, https://goo.gl/fbAQLP

exports[`renders the Component 1`] = `
Array [
  <input
    name="fullName"
    placeholder="Full Name"
    type="text"
    value=""
  />,
]
`;

exports[`renders the Component 2`] = `"BUTTON"`;
